UG to STEP
! INFO-     NX STEP AP214 - V2306.4000
! INFO-      
! INFO-     Start of Translation: 5-MAR-2025  9:34:16 PM
! INFO-      
! STATUS-   Converting Part: C:\Users\AUSA\AppData\Local\Temp\Intel Realsense D435_sldprt_objects.prt
! SUMMARY-   
! SUMMARY-  Summary of Unigraphics Part Entities
! SUMMARY-  For Part: C:\Users\AUSA\AppData\Local\Temp\Intel Realsense D435_sldprt_objects.prt 
! SUMMARY-  Entities Processed             Count
! SUMMARY-  ------------------             -----
! SUMMARY-  Part Attribute ..............:     1
! SUMMARY-  Font ........................:     1
! SUMMARY-  Color Table .................:     2
! SUMMARY-  Coordinate System ...........:     1
! SUMMARY-  Parameter ...................:     1
! SUMMARY-  Matrix ......................:     1
! SUMMARY-  Solid/Sheet .................:
! SUMMARY-     Body .....................:     5
! SUMMARY-                                 -----
! SUMMARY-  Total                             12
! STATUS-    
! STATUS-   Converting to Output Form (Phase 2 of 3): 5-MAR-2025 9:34:16 PM
! STATUS-    
! STATUS-    
! STATUS-   Generating UG geometry and placing them in parts
! STATUS-    
! SUMMARY-   
! SUMMARY-    STEP Header Information
! SUMMARY-   
! SUMMARY-  Description      Unknown
! SUMMARY-  Imp_Level        1
! SUMMARY-  File_Name        Intel Realsense D435.stp
! SUMMARY-  Date             2025-03-05T21:34:16+08:00
! SUMMARY-  Author           Unknown
! SUMMARY-  Organization     Unknown
! SUMMARY-  Pre_Version      ST-DEVELOPER v19.4
! SUMMARY-  Orig_System      SIEMENS PLM Software NX2306.4000
! SUMMARY-  Authorization    Unknown
! SUMMARY-  Schema_ID        step_merged_ap_schema
! SUMMARY-   
! SUMMARY-    Summary of STEP Entities
! SUMMARY-   
! SUMMARY-  Entity Type                                                   Count
! SUMMARY-  -----------                                                   ------
! SUMMARY-  advanced_face ..............................................:    335
! SUMMARY-  application_context ........................................:      1
! SUMMARY-  axis2_placement_3d .........................................:    491
! SUMMARY-  b_spline_curve_with_knots ..................................:    242
! SUMMARY-  b_spline_curve_with_knots_and_rational_b_spline_curve ......:     16
! SUMMARY-  b_spline_surface_with_knots ................................:     22
! SUMMARY-  b_spline_surface_with_knots_and_rational_b_spline_surface ..:     15
! SUMMARY-  cartesian_point ............................................:  15127
! SUMMARY-  circle .....................................................:    192
! SUMMARY-  closed_shell ...............................................:      5
! SUMMARY-  conversion_based_unit_and_plane_angle_unit .................:      1
! SUMMARY-  cylindrical_surface ........................................:    134
! SUMMARY-  dimensional_exponents ......................................:      1
! SUMMARY-  direction ..................................................:   1401
! SUMMARY-  edge_curve .................................................:    869
! SUMMARY-  edge_loop ..................................................:    380
! SUMMARY-  face_bound .................................................:     54
! SUMMARY-  face_outer_bound ...........................................:    326
! SUMMARY-  geometric_representation_context_and_global_uncertainty_a ..:      1
! SUMMARY-  length_unit_and_si_unit ....................................:      1
! SUMMARY-  line .......................................................:    419
! SUMMARY-  manifold_solid_brep ........................................:      5
! SUMMARY-  oriented_edge ..............................................:   1738
! SUMMARY-  plane ......................................................:    154
! SUMMARY-  plane_angle_measure_with_unit ..............................:      1
! SUMMARY-  plane_angle_unit_and_si_unit ...............................:      1
! SUMMARY-  product ....................................................:      1
! SUMMARY-  product_context ............................................:      1
! SUMMARY-  product_definition .........................................:      1
! SUMMARY-  product_definition_context .................................:      1
! SUMMARY-  product_definition_formation_with_specified_source .........:      1
! SUMMARY-  product_definition_shape ...................................:      1
! SUMMARY-  product_related_product_category ...........................:      1
! SUMMARY-  si_unit_and_solid_angle_unit ...............................:      1
! SUMMARY-  toroidal_surface ...........................................:     10
! SUMMARY-  uncertainty_measure_with_unit ..............................:      1
! SUMMARY-  vector .....................................................:    419
! SUMMARY-  vertex_point ...............................................:    581
! SUMMARY-                                                               -------
! SUMMARY-  Total                                                          22951
! INFO-     Bspline aprx. value in effect for this translation :0.025400 millimeter
! INFO-      
! INFO-     Total number of solids input for this translation  :       5
! INFO-      
! INFO-     Number of solids processed without problems        :       5
! INFO-      
! INFO-     Number of solids with problems output as sheets    :       0
! INFO-      
! INFO-     Number of solids not processed                     :       0
! INFO-      
! INFO-     End of Translation: 5-MAR-2025  9:34:17 PM
! INFO-      
