STEP to UG
! INFO-     NX STEP AP214 - V8.0
! INFO-      
! INFO-     Start of Translation: 5-MAR-2025  9:34:53 PM
! INFO-      
! STATUS-   Converting Part: G:\FAST_DRONE\Fast-Drone-6-inches\CAD\camera\intel-realsense-d435-3d-camera-1.snapshot.6\Intel Realsense D435.stp
! SUMMARY-   
! SUMMARY-    STEP Header Information
! SUMMARY-   
! SUMMARY-  Description      Unknown
! SUMMARY-  Imp_Level        2;1
! SUMMARY-  File_Name        Intel Realsense D435.stp
! SUMMARY-  Date             2025-03-05T21:34:16+08:00
! SUMMARY-  Author           Unknown
! SUMMARY-  Organization     Unknown
! SUMMARY-  Pre_Version      ST-DEVELOPER v19.4
! SUMMARY-  Orig_System      SIEMENS PLM Software NX2306.4000
! SUMMARY-  Authorization    Unknown
! SUMMARY-  Schema_ID        automotive_design
! SUMMARY-   
! SUMMARY-    Summary of STEP Entities
! SUMMARY-   
! SUMMARY-  Entity Type                                                   Count
! SUMMARY-  -----------                                                   ------
! SUMMARY-  advanced_brep_shape_representation .........................:      1
! SUMMARY-  advanced_face ..............................................:    335
! SUMMARY-  application_context ........................................:      1
! SUMMARY-  application_protocol_definition ............................:      1
! SUMMARY-  axis2_placement_3d .........................................:    491
! SUMMARY-  b_spline_curve_with_knots ..................................:    242
! SUMMARY-  b_spline_curve_with_knots_and_rational_b_spline_curve ......:     16
! SUMMARY-  b_spline_surface_with_knots ................................:     22
! SUMMARY-  b_spline_surface_with_knots_and_rational_b_spline_surface ..:     15
! SUMMARY-  cartesian_point ............................................:  15127
! SUMMARY-  circle .....................................................:    192
! SUMMARY-  closed_shell ...............................................:      5
! SUMMARY-  conversion_based_unit_and_plane_angle_unit .................:      1
! SUMMARY-  cylindrical_surface ........................................:    134
! SUMMARY-  dimensional_exponents ......................................:      1
! SUMMARY-  direction ..................................................:   1401
! SUMMARY-  edge_curve .................................................:    869
! SUMMARY-  edge_loop ..................................................:    380
! SUMMARY-  face_bound .................................................:     54
! SUMMARY-  face_outer_bound ...........................................:    326
! SUMMARY-  geometric_representation_context_and_global_uncertainty_a ..:      1
! SUMMARY-  length_unit_and_si_unit ....................................:      1
! SUMMARY-  line .......................................................:    419
! SUMMARY-  manifold_solid_brep ........................................:      5
! SUMMARY-  oriented_edge ..............................................:   1738
! SUMMARY-  plane ......................................................:    154
! SUMMARY-  plane_angle_measure_with_unit ..............................:      1
! SUMMARY-  plane_angle_unit_and_si_unit ...............................:      1
! SUMMARY-  product ....................................................:      1
! SUMMARY-  product_context ............................................:      1
! SUMMARY-  product_definition .........................................:      1
! SUMMARY-  product_definition_context .................................:      1
! SUMMARY-  product_definition_formation_with_specified_source .........:      1
! SUMMARY-  product_definition_shape ...................................:      1
! SUMMARY-  product_related_product_category ...........................:      1
! SUMMARY-  property_definition ........................................:      2
! SUMMARY-  property_definition_representation .........................:      2
! SUMMARY-  representation .............................................:      2
! SUMMARY-  shape_definition_representation ............................:      1
! SUMMARY-  shape_representation .......................................:      1
! SUMMARY-  shape_representation_relationship ..........................:      1
! SUMMARY-  si_unit_and_solid_angle_unit ...............................:      1
! SUMMARY-  toroidal_surface ...........................................:     10
! SUMMARY-  uncertainty_measure_with_unit ..............................:      1
! SUMMARY-  vector .....................................................:    419
! SUMMARY-  vertex_point ...............................................:    581
! SUMMARY-                                                               -------
! SUMMARY-  Total                                                          22962
! STATUS-    
! STATUS-   Converting to Output Form (Phase 2 of 3): 5-MAR-2025 9:34:54 PM
! STATUS-    
! STATUS-    
! STATUS-   Generating UG geometry and placing them in parts
! STATUS-    
! STATUS-   Creating the UG part (Phase 3 of 3): 5-MAR-2025  9:34:54 PM
! STATUS-    
! STATUS-   Creating UG solid body from Input Ent Id 392
! STATUS-    
! STATUS-   removing any duplicate geometry
! STATUS-    
! STATUS-   fixing vertex and/or edge off surface faults
! STATUS-    
! STATUS-   converting tolerant edges into exact edges
! STATUS-    
! STATUS-   doing final check of body to report any faults
! STATUS-    
! STATUS-   removing any unnecessary topology
! STATUS-    
! STATUS-    
! STATUS-   Creating UG solid body from Input Ent Id 393
! STATUS-    
! STATUS-   removing any duplicate geometry
! STATUS-    
! STATUS-   fixing vertex off curve and/or edge reversed faults
! STATUS-    
! STATUS-   fixing vertex and/or edge off surface faults
! STATUS-    
! STATUS-   converting tolerant edges into exact edges
! STATUS-    
! STATUS-   doing final check of body to report any faults
! STATUS-    
! STATUS-   removing any unnecessary topology
! STATUS-    
! STATUS-    
! STATUS-   Creating UG solid body from Input Ent Id 394
! STATUS-    
! STATUS-   removing any duplicate geometry
! STATUS-    
! STATUS-   fixing vertex off curve and/or edge reversed faults
! STATUS-    
! STATUS-   fixing vertex and/or edge off surface faults
! STATUS-    
! STATUS-   converting tolerant edges into exact edges
! STATUS-    
! STATUS-   doing final check of body to report any faults
! STATUS-    
! STATUS-   removing any unnecessary topology
! STATUS-    
! STATUS-    
! STATUS-   Creating UG solid body from Input Ent Id 395
! STATUS-    
! STATUS-   removing any duplicate geometry
! STATUS-    
! STATUS-   fixing vertex off curve and/or edge reversed faults
! STATUS-    
! STATUS-   fixing vertex and/or edge off surface faults
! STATUS-    
! STATUS-   converting tolerant edges into exact edges
! STATUS-    
! STATUS-   doing final check of body to report any faults
! STATUS-    
! STATUS-   removing any unnecessary topology
! STATUS-    
! STATUS-    
! STATUS-   Creating UG solid body from Input Ent Id 396
! STATUS-    
! STATUS-   removing any duplicate geometry
! STATUS-    
! STATUS-   fixing vertex and/or edge off surface faults
! STATUS-    
! STATUS-   converting tolerant edges into exact edges
! STATUS-    
! STATUS-   doing final check of body to report any faults
! STATUS-    
! STATUS-   removing any unnecessary topology
! STATUS-    
! INFO-     Filing Part ..: G:\FAST_DRONE\Fast-Drone-6-inches\CAD\camera\Intel Realsense D435.prt
! SUMMARY-   
! SUMMARY-  Summary of Unigraphics Part Entities
! SUMMARY-   
! SUMMARY-  Entities Processed             Count
! SUMMARY-  ------------------             -----
! SUMMARY-  Solid .......................:     5
! SUMMARY-                                 -----
! SUMMARY-  Total                              5
! INFO-      
! INFO-     Total number of solids input for this translation       :         5
! INFO-      
! INFO-     Number of solids created without body validation faults :         5
! INFO-      
! INFO-     Number of solids created with body validation fault(s)  :         0
! INFO-      
! INFO-     Number of solids ending up as sheet bodies              :         0
! INFO-      
! INFO-     End of Translation: 5-MAR-2025  9:34:56 PM
! INFO-      
